Compilation successful. 
